Archive member included to satisfy reference by file (symbol)

/usr/lib/gcc/arm-none-eabi/10.3.1/../../../arm-none-eabi/lib/thumb/v7-m/nofp/libc_nano.a(lib_a-atexit.o)
                              /usr/lib/gcc/arm-none-eabi/10.3.1/../../../arm-none-eabi/lib/thumb/v7-m/nofp/crt0.o (atexit)
/usr/lib/gcc/arm-none-eabi/10.3.1/../../../arm-none-eabi/lib/thumb/v7-m/nofp/libc_nano.a(lib_a-errno.o)
                              build/sysmem.o (__errno)
/usr/lib/gcc/arm-none-eabi/10.3.1/../../../arm-none-eabi/lib/thumb/v7-m/nofp/libc_nano.a(lib_a-exit.o)
                              /usr/lib/gcc/arm-none-eabi/10.3.1/../../../arm-none-eabi/lib/thumb/v7-m/nofp/crt0.o (exit)
/usr/lib/gcc/arm-none-eabi/10.3.1/../../../arm-none-eabi/lib/thumb/v7-m/nofp/libc_nano.a(lib_a-fini.o)
                              /usr/lib/gcc/arm-none-eabi/10.3.1/../../../arm-none-eabi/lib/thumb/v7-m/nofp/crt0.o (__libc_fini_array)
/usr/lib/gcc/arm-none-eabi/10.3.1/../../../arm-none-eabi/lib/thumb/v7-m/nofp/libc_nano.a(lib_a-impure.o)
                              /usr/lib/gcc/arm-none-eabi/10.3.1/../../../arm-none-eabi/lib/thumb/v7-m/nofp/libc_nano.a(lib_a-exit.o) (_global_impure_ptr)
/usr/lib/gcc/arm-none-eabi/10.3.1/../../../arm-none-eabi/lib/thumb/v7-m/nofp/libc_nano.a(lib_a-init.o)
                              /usr/lib/gcc/arm-none-eabi/10.3.1/../../../arm-none-eabi/lib/thumb/v7-m/nofp/crt0.o (__libc_init_array)
/usr/lib/gcc/arm-none-eabi/10.3.1/../../../arm-none-eabi/lib/thumb/v7-m/nofp/libc_nano.a(lib_a-memset.o)
                              /usr/lib/gcc/arm-none-eabi/10.3.1/../../../arm-none-eabi/lib/thumb/v7-m/nofp/crt0.o (memset)
/usr/lib/gcc/arm-none-eabi/10.3.1/../../../arm-none-eabi/lib/thumb/v7-m/nofp/libc_nano.a(lib_a-__atexit.o)
                              /usr/lib/gcc/arm-none-eabi/10.3.1/../../../arm-none-eabi/lib/thumb/v7-m/nofp/libc_nano.a(lib_a-atexit.o) (__register_exitproc)
/usr/lib/gcc/arm-none-eabi/10.3.1/../../../arm-none-eabi/lib/thumb/v7-m/nofp/libc_nano.a(lib_a-__call_atexit.o)
                              /usr/lib/gcc/arm-none-eabi/10.3.1/../../../arm-none-eabi/lib/thumb/v7-m/nofp/libc_nano.a(lib_a-__atexit.o) (__call_exitprocs)

Discarded input sections

 .text          0x0000000000000000        0x0 /usr/lib/gcc/arm-none-eabi/10.3.1/thumb/v7-m/nofp/crti.o
 .data          0x0000000000000000        0x0 /usr/lib/gcc/arm-none-eabi/10.3.1/thumb/v7-m/nofp/crti.o
 .bss           0x0000000000000000        0x0 /usr/lib/gcc/arm-none-eabi/10.3.1/thumb/v7-m/nofp/crti.o
 .data          0x0000000000000000        0x4 /usr/lib/gcc/arm-none-eabi/10.3.1/thumb/v7-m/nofp/crtbegin.o
 .rodata        0x0000000000000000       0x24 /usr/lib/gcc/arm-none-eabi/10.3.1/thumb/v7-m/nofp/crtbegin.o
 .text          0x0000000000000000       0x70 /usr/lib/gcc/arm-none-eabi/10.3.1/../../../arm-none-eabi/lib/thumb/v7-m/nofp/crt0.o
 .data          0x0000000000000000        0x0 /usr/lib/gcc/arm-none-eabi/10.3.1/../../../arm-none-eabi/lib/thumb/v7-m/nofp/crt0.o
 .bss           0x0000000000000000        0x0 /usr/lib/gcc/arm-none-eabi/10.3.1/../../../arm-none-eabi/lib/thumb/v7-m/nofp/crt0.o
 .ARM.extab     0x0000000000000000        0x0 /usr/lib/gcc/arm-none-eabi/10.3.1/../../../arm-none-eabi/lib/thumb/v7-m/nofp/crt0.o
 .ARM.exidx     0x0000000000000000       0x10 /usr/lib/gcc/arm-none-eabi/10.3.1/../../../arm-none-eabi/lib/thumb/v7-m/nofp/crt0.o
 .debug_line    0x0000000000000000       0x87 /usr/lib/gcc/arm-none-eabi/10.3.1/../../../arm-none-eabi/lib/thumb/v7-m/nofp/crt0.o
 .debug_info    0x0000000000000000       0x26 /usr/lib/gcc/arm-none-eabi/10.3.1/../../../arm-none-eabi/lib/thumb/v7-m/nofp/crt0.o
 .debug_abbrev  0x0000000000000000       0x14 /usr/lib/gcc/arm-none-eabi/10.3.1/../../../arm-none-eabi/lib/thumb/v7-m/nofp/crt0.o
 .debug_aranges
                0x0000000000000000       0x20 /usr/lib/gcc/arm-none-eabi/10.3.1/../../../arm-none-eabi/lib/thumb/v7-m/nofp/crt0.o
 .debug_str     0x0000000000000000       0x94 /usr/lib/gcc/arm-none-eabi/10.3.1/../../../arm-none-eabi/lib/thumb/v7-m/nofp/crt0.o
 .ARM.attributes
                0x0000000000000000       0x1b /usr/lib/gcc/arm-none-eabi/10.3.1/../../../arm-none-eabi/lib/thumb/v7-m/nofp/crt0.o
 .text          0x0000000000000000        0x0 build/main.o
 .data          0x0000000000000000        0x0 build/main.o
 .bss           0x0000000000000000        0x0 build/main.o
 .text          0x0000000000000000        0x0 build/gpio.o
 .data          0x0000000000000000        0x0 build/gpio.o
 .bss           0x0000000000000000        0x0 build/gpio.o
 .text.MX_GPIO_Init
                0x0000000000000000       0x50 build/gpio.o
 .text.LED0_Toggle
                0x0000000000000000       0x10 build/gpio.o
 .text.LED1_Toggle
                0x0000000000000000       0x10 build/gpio.o
 .debug_info    0x0000000000000000      0x34e build/gpio.o
 .debug_abbrev  0x0000000000000000      0x13f build/gpio.o
 .debug_loc     0x0000000000000000       0x78 build/gpio.o
 .debug_aranges
[...]
Memory Configuration

Name             Origin             Length             Attributes
RAM              0x0000000020000000 0x0000000000005000 xrw
FLASH            0x0000000008000000 0x0000000000010000 xr
*default*        0x0000000000000000 0xffffffffffffffff

Linker script and memory map

LOAD /usr/lib/gcc/arm-none-eabi/10.3.1/thumb/v7-m/nofp/crti.o
LOAD /usr/lib/gcc/arm-none-eabi/10.3.1/thumb/v7-m/nofp/crtbegin.o
LOAD /usr/lib/gcc/arm-none-eabi/10.3.1/../../../arm-none-eabi/lib/thumb/v7-m/nofp/crt0.o
LOAD build/main.o
LOAD build/gpio.o
LOAD build/key.o
LOAD build/buzzer.o
LOAD build/LightSensor.o
LOAD build/OLED.o
LOAD build/CountSensor.o
LOAD build/stm32f1xx_it.o
LOAD build/stm32f1xx_hal_msp.o
LOAD build/stm32f1xx_hal_gpio_ex.o
LOAD build/stm32f1xx_hal_tim.o
LOAD build/stm32f1xx_hal_tim_ex.o
LOAD build/stm32f1xx_hal.o
LOAD build/stm32f1xx_hal_rcc.o
LOAD build/stm32f1xx_hal_rcc_ex.o
LOAD build/stm32f1xx_hal_gpio.o
LOAD build/stm32f1xx_hal_dma.o
LOAD build/stm32f1xx_hal_cortex.o
LOAD build/stm32f1xx_hal_pwr.o
LOAD build/stm32f1xx_hal_flash.o
LOAD build/stm32f1xx_hal_flash_ex.o
LOAD build/stm32f1xx_hal_exti.o
LOAD build/system_stm32f1xx.o
LOAD build/sysmem.o
LOAD build/syscalls.o
LOAD build/startup_stm32f103xb.o
LOAD /usr/lib/gcc/arm-none-eabi/10.3.1/../../../arm-none-eabi/lib/thumb/v7-m/nofp/libc_nano.a
LOAD /usr/lib/gcc/arm-none-eabi/10.3.1/../../../arm-none-eabi/lib/thumb/v7-m/nofp/libm.a
LOAD /usr/lib/gcc/arm-none-eabi/10.3.1/../../../arm-none-eabi/lib/thumb/v7-m/nofp/libnosys.a
START GROUP
LOAD /usr/lib/gcc/arm-none-eabi/10.3.1/thumb/v7-m/nofp/libgcc.a
LOAD /usr/lib/gcc/arm-none-eabi/10.3.1/../../../arm-none-eabi/lib/thumb/v7-m/nofp/libc_nano.a
END GROUP
START GROUP
LOAD /usr/lib/gcc/arm-none-eabi/10.3.1/thumb/v7-m/nofp/libgcc.a
LOAD /usr/lib/gcc/arm-none-eabi/10.3.1/../../../arm-none-eabi/lib/thumb/v7-m/nofp/libc_nano.a
END GROUP
LOAD /usr/lib/gcc/arm-none-eabi/10.3.1/thumb/v7-m/nofp/crtend.o
LOAD /usr/lib/gcc/arm-none-eabi/10.3.1/thumb/v7-m/nofp/crtn.o
                0x0000000020005000                _estack = (ORIGIN (RAM) + LENGTH (RAM))
                0x0000000000000200                _Min_Heap_Size = 0x200
                0x0000000000000400                _Min_Stack_Size = 0x400

.isr_vector     0x0000000008000000      0x10c
                0x0000000008000000                . = ALIGN (0x4)
 *(.isr_vector)
 .isr_vector    0x0000000008000000      0x10c build/startup_stm32f103xb.o
                0x0000000008000000                g_pfnVectors
                0x000000000800010c                . = ALIGN (0x4)

.text           0x000000000800010c     0x1080
                0x000000000800010c                . = ALIGN (0x4)
 *(.text)
 .text          0x000000000800010c       0x88 /usr/lib/gcc/arm-none-eabi/10.3.1/thumb/v7-m/nofp/crtbegin.o
 .text          0x0000000008000194       0x48 /usr/lib/gcc/arm-none-eabi/10.3.1/../../../arm-none-eabi/lib/thumb/v7-m/nofp/libc_nano.a(lib_a-init.o)
                0x0000000008000194                __libc_init_array
 .text          0x00000000080001dc       0xa4 /usr/lib/gcc/arm-none-eabi/10.3.1/../../../arm-none-eabi/lib/thumb/v7-m/nofp/libc_nano.a(lib_a-memset.o)
                0x00000000080001dc                memset
 *(.text*)
 .text.Error_Handler
                0x0000000008000280        0x4 build/main.o
                0x0000000008000280                Error_Handler
 .text.SystemClock_Config
                0x0000000008000284       0x52 build/main.o
                0x0000000008000284                SystemClock_Config
 *fill*         0x00000000080002d6        0x2 
 .text.main     0x00000000080002d8       0x34 build/main.o
                0x00000000080002d8                main
 .text.OLED_I2C_Init
                0x000000000800030c       0x6c build/OLED.o
                0x000000000800030c                OLED_I2C_Init
 .text.OLED_I2C_Start
                0x0000000008000378       0x3c build/OLED.o
                0x0000000008000378                OLED_I2C_Start
 .text.OLED_I2C_Stop
                0x00000000080003b4       0x30 build/OLED.o
                0x00000000080003b4                OLED_I2C_Stop
 .text.OLED_I2C_SendByte
                0x00000000080003e4       0x5c build/OLED.o
                0x00000000080003e4                OLED_I2C_SendByte
 .text.OLED_WriteCommand
                0x0000000008000440       0x20 build/OLED.o
                0x0000000008000440                OLED_WriteCommand
 .text.OLED_WriteData
                0x0000000008000460       0x20 build/OLED.o
                0x0000000008000460                OLED_WriteData
 .text.OLED_SetCursor
                0x0000000008000480       0x20 build/OLED.o
                0x0000000008000480                OLED_SetCursor
 .text.OLED_Clear
                0x00000000080004a0       0x2c build/OLED.o
                0x00000000080004a0                OLED_Clear
 .text.OLED_ShowChar
                0x00000000080004cc       0x64 build/OLED.o
                0x00000000080004cc                OLED_ShowChar
 .text.OLED_ShowString
                0x0000000008000530       0x22 build/OLED.o
                0x0000000008000530                OLED_ShowString
 .text.OLED_Pow
                0x0000000008000552       0x14 build/OLED.o
                0x0000000008000552                OLED_Pow
 *fill*         0x0000000008000566        0x2 
 .text.OLED_ShowNum
                0x0000000008000568       0x50 build/OLED.o
                0x0000000008000568                OLED_ShowNum
 .text.OLED_Init
                0x00000000080005b8       0xae build/OLED.o
                0x00000000080005b8                OLED_Init
 *fill*         0x0000000008000666        0x2 
 .text.CountSensor_Init
                0x0000000008000668       0x5c build/CountSensor.o
                0x0000000008000668                CountSensor_Init
 .text.EXTI15_10_IRQHandler
                0x00000000080006c4        0xc build/CountSensor.o
                0x00000000080006c4                EXTI15_10_IRQHandler
 .text.HAL_GPIO_EXTI_Callback
                0x00000000080006d0       0x28 build/CountSensor.o
                0x00000000080006d0                HAL_GPIO_EXTI_Callback
 .text.CountSensor_Get
                0x00000000080006f8        0xc build/CountSensor.o
                0x00000000080006f8                CountSensor_Get
 .text.NMI_Handler
                0x0000000008000704        0x2 build/stm32f1xx_it.o
                0x0000000008000704                NMI_Handler
 .text.HardFault_Handler
                0x0000000008000706        0x2 build/stm32f1xx_it.o
                0x0000000008000706                HardFault_Handler
 .text.MemManage_Handler
                0x0000000008000708        0x2 build/stm32f1xx_it.o
                0x0000000008000708                MemManage_Handler
 .text.BusFault_Handler
                0x000000000800070a        0x2 build/stm32f1xx_it.o
                0x000000000800070a                BusFault_Handler
 .text.UsageFault_Handler
                0x000000000800070c        0x2 build/stm32f1xx_it.o
                0x000000000800070c                UsageFault_Handler
 .text.SVC_Handler
                0x000000000800070e        0x2 build/stm32f1xx_it.o
                0x000000000800070e                SVC_Handler
 .text.DebugMon_Handler
                0x0000000008000710        0x2 build/stm32f1xx_it.o
                0x0000000008000710                DebugMon_Handler
 .text.PendSV_Handler
                0x0000000008000712        0x2 build/stm32f1xx_it.o
                0x0000000008000712                PendSV_Handler
 .text.SysTick_Handler
                0x0000000008000714        0x8 build/stm32f1xx_it.o
                0x0000000008000714                SysTick_Handler
 .text.HAL_MspInit
                0x000000000800071c       0x44 build/stm32f1xx_hal_msp.o
                0x000000000800071c                HAL_MspInit
 .text.HAL_InitTick
                0x0000000008000760       0x4c build/stm32f1xx_hal.o
                0x0000000008000760                HAL_InitTick
 .text.HAL_Init
                0x00000000080007ac       0x24 build/stm32f1xx_hal.o
                0x00000000080007ac                HAL_Init
 .text.HAL_IncTick
                0x00000000080007d0       0x18 build/stm32f1xx_hal.o
                0x00000000080007d0                HAL_IncTick
 .text.HAL_GetTick
                0x00000000080007e8        0xc build/stm32f1xx_hal.o
                0x00000000080007e8                HAL_GetTick
 .text.RCC_Delay
                0x00000000080007f4       0x2c build/stm32f1xx_hal_rcc.o
 .text.HAL_RCC_OscConfig
                0x0000000008000820      0x410 build/stm32f1xx_hal_rcc.o
                0x0000000008000820                HAL_RCC_OscConfig
 .text.HAL_RCC_GetSysClockFreq
                0x0000000008000c30       0x54 build/stm32f1xx_hal_rcc.o
                0x0000000008000c30                HAL_RCC_GetSysClockFreq
 .text.HAL_RCC_ClockConfig
                0x0000000008000c84      0x16c build/stm32f1xx_hal_rcc.o
                0x0000000008000c84                HAL_RCC_ClockConfig
 .text.HAL_GPIO_Init
                0x0000000008000df0      0x224 build/stm32f1xx_hal_gpio.o
                0x0000000008000df0                HAL_GPIO_Init
 .text.HAL_GPIO_ReadPin
                0x0000000008001014        0xe build/stm32f1xx_hal_gpio.o
                0x0000000008001014                HAL_GPIO_ReadPin
 .text.HAL_GPIO_WritePin
                0x0000000008001022        0xc build/stm32f1xx_hal_gpio.o
                0x0000000008001022                HAL_GPIO_WritePin
 *fill*         0x000000000800102e        0x2 
 .text.HAL_GPIO_EXTI_IRQHandler
                0x0000000008001030       0x1c build/stm32f1xx_hal_gpio.o
                0x0000000008001030                HAL_GPIO_EXTI_IRQHandler
 .text.HAL_NVIC_SetPriorityGrouping
                0x000000000800104c       0x24 build/stm32f1xx_hal_cortex.o
                0x000000000800104c                HAL_NVIC_SetPriorityGrouping
 .text.HAL_NVIC_SetPriority
                0x0000000008001070       0x70 build/stm32f1xx_hal_cortex.o
                0x0000000008001070                HAL_NVIC_SetPriority
 .text.HAL_NVIC_EnableIRQ
                0x00000000080010e0       0x1c build/stm32f1xx_hal_cortex.o
                0x00000000080010e0                HAL_NVIC_EnableIRQ
 .text.HAL_SYSTICK_Config
                0x00000000080010fc       0x28 build/stm32f1xx_hal_cortex.o
                0x00000000080010fc                HAL_SYSTICK_Config
 .text.SystemInit
                0x0000000008001124        0x2 build/system_stm32f1xx.o
                0x0000000008001124                SystemInit
 *fill*         0x0000000008001126        0x2 
 .text.Reset_Handler
                0x0000000008001128       0x48 build/startup_stm32f103xb.o
                0x0000000008001128                Reset_Handler
 .text.Default_Handler
                0x0000000008001170        0x2 build/startup_stm32f103xb.o
                0x0000000008001170                RTC_Alarm_IRQHandler
                0x0000000008001170                EXTI2_IRQHandler
                0x0000000008001170                TIM1_CC_IRQHandler
                0x0000000008001170                PVD_IRQHandler
                0x0000000008001170                EXTI3_IRQHandler
                0x0000000008001170                EXTI0_IRQHandler
                0x0000000008001170                I2C2_EV_IRQHandler
                0x0000000008001170                ADC1_2_IRQHandler
                0x0000000008001170                SPI1_IRQHandler
                0x0000000008001170                TAMPER_IRQHandler
                0x0000000008001170                DMA1_Channel4_IRQHandler
                0x0000000008001170                USART3_IRQHandler
                0x0000000008001170                RTC_IRQHandler
                0x0000000008001170                DMA1_Channel7_IRQHandler
                0x0000000008001170                CAN1_RX1_IRQHandler
                0x0000000008001170                TIM4_IRQHandler
                0x0000000008001170                I2C1_EV_IRQHandler
                0x0000000008001170                DMA1_Channel6_IRQHandler
                0x0000000008001170                TIM3_IRQHandler
                0x0000000008001170                RCC_IRQHandler
                0x0000000008001170                TIM1_TRG_COM_IRQHandler
                0x0000000008001170                DMA1_Channel1_IRQHandler
                0x0000000008001170                Default_Handler
                0x0000000008001170                EXTI9_5_IRQHandler
                0x0000000008001170                SPI2_IRQHandler
                0x0000000008001170                DMA1_Channel5_IRQHandler
                0x0000000008001170                EXTI4_IRQHandler
                0x0000000008001170                USB_LP_CAN1_RX0_IRQHandler
                0x0000000008001170                USB_HP_CAN1_TX_IRQHandler
                0x0000000008001170                DMA1_Channel3_IRQHandler
                0x0000000008001170                TIM1_UP_IRQHandler
                0x0000000008001170                WWDG_IRQHandler
                0x0000000008001170                TIM2_IRQHandler
                0x0000000008001170                TIM1_BRK_IRQHandler
                0x0000000008001170                EXTI1_IRQHandler
                0x0000000008001170                USART2_IRQHandler
                0x0000000008001170                I2C2_ER_IRQHandler
                0x0000000008001170                DMA1_Channel2_IRQHandler
                0x0000000008001170                CAN1_SCE_IRQHandler
                0x0000000008001170                FLASH_IRQHandler
                0x0000000008001170                USART1_IRQHandler
                0x0000000008001170                I2C1_ER_IRQHandler
                0x0000000008001170                USBWakeUp_IRQHandler
 *(.glue_7)
 .glue_7        0x0000000008001172        0x0 linker stubs
 *(.glue_7t)
 .glue_7t       0x0000000008001172        0x0 linker stubs
 *(.eh_frame)
 *fill*         0x0000000008001172        0x2 
 .eh_frame      0x0000000008001174        0x0 /usr/lib/gcc/arm-none-eabi/10.3.1/thumb/v7-m/nofp/crtbegin.o
 *(.init)
 .init          0x0000000008001174        0x4 /usr/lib/gcc/arm-none-eabi/10.3.1/thumb/v7-m/nofp/crti.o
                0x0000000008001174                _init
 .init          0x0000000008001178        0x8 /usr/lib/gcc/arm-none-eabi/10.3.1/thumb/v7-m/nofp/crtn.o
 *(.fini)
 .fini          0x0000000008001180        0x4 /usr/lib/gcc/arm-none-eabi/10.3.1/thumb/v7-m/nofp/crti.o
                0x0000000008001180                _fini
 .fini          0x0000000008001184        0x8 /usr/lib/gcc/arm-none-eabi/10.3.1/thumb/v7-m/nofp/crtn.o
                0x000000000800118c                . = ALIGN (0x4)
                0x000000000800118c                _etext = .

.vfp11_veneer   0x000000000800118c        0x0
 .vfp11_veneer  0x000000000800118c        0x0 linker stubs

.v4_bx          0x000000000800118c        0x0
 .v4_bx         0x000000000800118c        0x0 linker stubs

.iplt           0x000000000800118c        0x0
 .iplt          0x000000000800118c        0x0 /usr/lib/gcc/arm-none-eabi/10.3.1/thumb/v7-m/nofp/crtbegin.o

.rodata         0x000000000800118c      0x61c
                0x000000000800118c                . = ALIGN (0x4)
 *(.rodata)
 *(.rodata*)
 .rodata.main.str1.4
                0x000000000800118c        0x7 build/main.o
 *fill*         0x0000000008001193        0x1 
 .rodata.OLED_F8x16
                0x0000000008001194      0x5f0 build/OLED.o
                0x0000000008001194                OLED_F8x16
 .rodata.aPLLMULFactorTable.1
                0x0000000008001784       0x10 build/stm32f1xx_hal_rcc.o
 .rodata.aPredivFactorTable.0
                0x0000000008001794        0x2 build/stm32f1xx_hal_rcc.o
 *fill*         0x0000000008001796        0x2 
 .rodata.AHBPrescTable
                0x0000000008001798       0x10 build/system_stm32f1xx.o
                0x0000000008001798                AHBPrescTable
                0x00000000080017a8                . = ALIGN (0x4)

.rel.dyn        0x00000000080017a8        0x0
 .rel.iplt      0x00000000080017a8        0x0 /usr/lib/gcc/arm-none-eabi/10.3.1/thumb/v7-m/nofp/crtbegin.o

.ARM.extab
 *(.ARM.extab* .gnu.linkonce.armextab.*)

.ARM            0x00000000080017a8        0x0
                0x00000000080017a8                __exidx_start = .
 *(.ARM.exidx*)
                0x00000000080017a8                __exidx_end = .

.preinit_array  0x00000000080017a8        0x0
                0x00000000080017a8                PROVIDE (__preinit_array_start = .)
 *(.preinit_array*)
                0x00000000080017a8                PROVIDE (__preinit_array_end = .)

.init_array     0x00000000080017a8        0x4
                0x00000000080017a8                PROVIDE (__init_array_start = .)
 *(SORT_BY_NAME(.init_array.*))
 *(.init_array*)
 .init_array    0x00000000080017a8        0x4 /usr/lib/gcc/arm-none-eabi/10.3.1/thumb/v7-m/nofp/crtbegin.o
                0x00000000080017ac                PROVIDE (__init_array_end = .)

.fini_array     0x00000000080017ac        0x4
                0x00000000080017ac                PROVIDE (__fini_array_start = .)
 *(SORT_BY_NAME(.fini_array.*))
 *(.fini_array*)
 .fini_array    0x00000000080017ac        0x4 /usr/lib/gcc/arm-none-eabi/10.3.1/thumb/v7-m/nofp/crtbegin.o
                0x00000000080017b0                PROVIDE (__fini_array_end = .)
                0x00000000080017b0                _sidata = LOADADDR (.data)

.data           0x0000000020000000        0xc load address 0x00000000080017b0
                0x0000000020000000                . = ALIGN (0x4)
                0x0000000020000000                _sdata = .
 *(.data)
 *(.data*)
 .data.uwTickFreq
                0x0000000020000000        0x1 build/stm32f1xx_hal.o
                0x0000000020000000                uwTickFreq
 *fill*         0x0000000020000001        0x3 
 .data.uwTickPrio
                0x0000000020000004        0x4 build/stm32f1xx_hal.o
                0x0000000020000004                uwTickPrio
 .data.SystemCoreClock
                0x0000000020000008        0x4 build/system_stm32f1xx.o
                0x0000000020000008                SystemCoreClock
                0x000000002000000c                . = ALIGN (0x4)
                0x000000002000000c                _edata = .

.tm_clone_table
                0x000000002000000c        0x0 load address 0x00000000080017bc
 .tm_clone_table
                0x000000002000000c        0x0 /usr/lib/gcc/arm-none-eabi/10.3.1/thumb/v7-m/nofp/crtbegin.o
 .tm_clone_table
                0x000000002000000c        0x0 /usr/lib/gcc/arm-none-eabi/10.3.1/thumb/v7-m/nofp/crtend.o

.igot.plt       0x000000002000000c        0x0 load address 0x00000000080017bc
 .igot.plt      0x000000002000000c        0x0 /usr/lib/gcc/arm-none-eabi/10.3.1/thumb/v7-m/nofp/crtbegin.o
                0x000000002000000c                . = ALIGN (0x4)

.bss            0x000000002000000c       0x24 load address 0x00000000080017bc
                0x000000002000000c                _sbss = .
                0x000000002000000c                __bss_start__ = _sbss
 *(.bss)
 .bss           0x000000002000000c       0x1c /usr/lib/gcc/arm-none-eabi/10.3.1/thumb/v7-m/nofp/crtbegin.o
 *(.bss*)
 .bss.CountSensor_Count
                0x0000000020000028        0x2 build/CountSensor.o
                0x0000000020000028                CountSensor_Count
 *fill*         0x000000002000002a        0x2 
 .bss.uwTick    0x000000002000002c        0x4 build/stm32f1xx_hal.o
                0x000000002000002c                uwTick
 *(COMMON)
                0x0000000020000030                . = ALIGN (0x4)
                0x0000000020000030                _ebss = .
                0x0000000020000030                __bss_end__ = _ebss

._user_heap_stack
                0x0000000020000030      0x600 load address 0x00000000080017bc
                0x0000000020000030                . = ALIGN (0x8)
                [!provide]                        PROVIDE (end = .)
                0x0000000020000030                PROVIDE (_end = .)
                0x0000000020000230                . = (. + _Min_Heap_Size)
 *fill*         0x0000000020000030      0x200 
                0x0000000020000630                . = (. + _Min_Stack_Size)
 *fill*         0x0000000020000230      0x400 
                0x0000000020000630                . = ALIGN (0x8)

/DISCARD/
 libc.a(*)
 libm.a(*)
 libgcc.a(*)

.ARM.attributes
                0x0000000000000000       0x29
 *(.ARM.attributes)
 .ARM.attributes
                0x0000000000000000       0x1d /usr/lib/gcc/arm-none-eabi/10.3.1/thumb/v7-m/nofp/crti.o
 .ARM.attributes
                0x000000000000001d       0x2d /usr/lib/gcc/arm-none-eabi/10.3.1/thumb/v7-m/nofp/crtbegin.o
 .ARM.attributes
                0x000000000000004a       0x2d build/main.o
 .ARM.attributes
                0x0000000000000077       0x2d build/OLED.o
 .ARM.attributes
                0x00000000000000a4       0x2d build/CountSensor.o
 .ARM.attributes
                0x00000000000000d1       0x2d build/stm32f1xx_it.o
 .ARM.attributes
                0x00000000000000fe       0x2d build/stm32f1xx_hal_msp.o
 .ARM.attributes
                0x000000000000012b       0x2d build/stm32f1xx_hal.o
 .ARM.attributes
                0x0000000000000158       0x2d build/stm32f1xx_hal_rcc.o
 .ARM.attributes
                0x0000000000000185       0x2d build/stm32f1xx_hal_gpio.o
 .ARM.attributes
                0x00000000000001b2       0x2d build/stm32f1xx_hal_cortex.o
 .ARM.attributes
                0x00000000000001df       0x2d build/system_stm32f1xx.o
 .ARM.attributes
                0x000000000000020c       0x21 build/startup_stm32f103xb.o
 .ARM.attributes
                0x000000000000022d       0x2d /usr/lib/gcc/arm-none-eabi/10.3.1/../../../arm-none-eabi/lib/thumb/v7-m/nofp/libc_nano.a(lib_a-init.o)
 .ARM.attributes
                0x000000000000025a       0x2d /usr/lib/gcc/arm-none-eabi/10.3.1/../../../arm-none-eabi/lib/thumb/v7-m/nofp/libc_nano.a(lib_a-memset.o)
 .ARM.attributes
                0x0000000000000287       0x2d /usr/lib/gcc/arm-none-eabi/10.3.1/thumb/v7-m/nofp/crtend.o
 .ARM.attributes
                0x00000000000002b4       0x1d /usr/lib/gcc/arm-none-eabi/10.3.1/thumb/v7-m/nofp/crtn.o
OUTPUT(build/STM32_LED.elf elf32-littlearm)
LOAD linker stubs
LOAD /usr/lib/gcc/arm-none-eabi/10.3.1/../../../arm-none-eabi/lib/thumb/v7-m/nofp/libc.a
LOAD /usr/lib/gcc/arm-none-eabi/10.3.1/../../../arm-none-eabi/lib/thumb/v7-m/nofp/libm.a
LOAD /usr/lib/gcc/arm-none-eabi/10.3.1/thumb/v7-m/nofp/libgcc.a

.comment        0x0000000000000000       0x33
 .comment       0x0000000000000000       0x33 /usr/lib/gcc/arm-none-eabi/10.3.1/thumb/v7-m/nofp/crtbegin.o
                                         0x34 (size before relaxing)
 .comment       0x0000000000000033       0x34 build/main.o
 .comment       0x0000000000000033       0x34 build/OLED.o
 .comment       0x0000000000000033       0x34 build/CountSensor.o
 .comment       0x0000000000000033       0x34 build/stm32f1xx_it.o
 .comment       0x0000000000000033       0x34 build/stm32f1xx_hal_msp.o
 .comment       0x0000000000000033       0x34 build/stm32f1xx_hal.o
 .comment       0x0000000000000033       0x34 build/stm32f1xx_hal_rcc.o
 .comment       0x0000000000000033       0x34 build/stm32f1xx_hal_gpio.o
 .comment       0x0000000000000033       0x34 build/stm32f1xx_hal_cortex.o
 .comment       0x0000000000000033       0x34 build/system_stm32f1xx.o
 .comment       0x0000000000000033       0x34 /usr/lib/gcc/arm-none-eabi/10.3.1/../../../arm-none-eabi/lib/thumb/v7-m/nofp/libc_nano.a(lib_a-init.o)
 .comment       0x0000000000000033       0x34 /usr/lib/gcc/arm-none-eabi/10.3.1/../../../arm-none-eabi/lib/thumb/v7-m/nofp/libc_nano.a(lib_a-memset.o)
 .comment       0x0000000000000033       0x34 /usr/lib/gcc/arm-none-eabi/10.3.1/thumb/v7-m/nofp/crtend.o

.debug_info     0x0000000000000000     0x4779
 .debug_info    0x0000000000000000      0x3b8 build/main.o
 .debug_info    0x00000000000003b8      0xe6b build/OLED.o
 .debug_info    0x0000000000001223      0x529 build/CountSensor.o
 .debug_info    0x000000000000174c      0x15b build/stm32f1xx_it.o
 .debug_info    0x00000000000018a7      0x22c build/stm32f1xx_hal_msp.o
 .debug_info    0x0000000000001ad3      0x849 build/stm32f1xx_hal.o
 .debug_info    0x000000000000231c      0xacc build/stm32f1xx_hal_rcc.o
 .debug_info    0x0000000000002de8      0x6bf build/stm32f1xx_hal_gpio.o
 .debug_info    0x00000000000034a7      0xe09 build/stm32f1xx_hal_cortex.o
 .debug_info    0x00000000000042b0      0x256 build/system_stm32f1xx.o
 .debug_info    0x0000000000004506       0x22 build/startup_stm32f103xb.o
 .debug_info    0x0000000000004528      0x11a /usr/lib/gcc/arm-none-eabi/10.3.1/../../../arm-none-eabi/lib/thumb/v7-m/nofp/libc_nano.a(lib_a-init.o)
 .debug_info    0x0000000000004642      0x137 /usr/lib/gcc/arm-none-eabi/10.3.1/../../../arm-none-eabi/lib/thumb/v7-m/nofp/libc_nano.a(lib_a-memset.o)

.debug_abbrev   0x0000000000000000     0x13f0
 .debug_abbrev  0x0000000000000000      0x18e build/main.o
 .debug_abbrev  0x000000000000018e      0x245 build/OLED.o
 .debug_abbrev  0x00000000000003d3      0x1b9 build/CountSensor.o
 .debug_abbrev  0x000000000000058c       0x81 build/stm32f1xx_it.o
 .debug_abbrev  0x000000000000060d       0xe7 build/stm32f1xx_hal_msp.o
 .debug_abbrev  0x00000000000006f4      0x1f7 build/stm32f1xx_hal.o
 .debug_abbrev  0x00000000000008eb      0x2b8 build/stm32f1xx_hal_rcc.o
 .debug_abbrev  0x0000000000000ba3      0x222 build/stm32f1xx_hal_gpio.o
 .debug_abbrev  0x0000000000000dc5      0x359 build/stm32f1xx_hal_cortex.o
 .debug_abbrev  0x000000000000111e      0x140 build/system_stm32f1xx.o
 .debug_abbrev  0x000000000000125e       0x12 build/startup_stm32f103xb.o
 .debug_abbrev  0x0000000000001270       0xcc /usr/lib/gcc/arm-none-eabi/10.3.1/../../../arm-none-eabi/lib/thumb/v7-m/nofp/libc_nano.a(lib_a-init.o)
 .debug_abbrev  0x000000000000133c       0xb4 /usr/lib/gcc/arm-none-eabi/10.3.1/../../../arm-none-eabi/lib/thumb/v7-m/nofp/libc_nano.a(lib_a-memset.o)

.debug_loc      0x0000000000000000     0x24fe
 .debug_loc     0x0000000000000000       0x66 build/main.o
 .debug_loc     0x0000000000000066      0x974 build/OLED.o
 .debug_loc     0x00000000000009da       0x9d build/CountSensor.o
 .debug_loc     0x0000000000000a77       0x20 build/stm32f1xx_it.o
 .debug_loc     0x0000000000000a97       0x41 build/stm32f1xx_hal_msp.o
 .debug_loc     0x0000000000000ad8      0x1e1 build/stm32f1xx_hal.o
 .debug_loc     0x0000000000000cb9      0x790 build/stm32f1xx_hal_rcc.o
 .debug_loc     0x0000000000001449      0x551 build/stm32f1xx_hal_gpio.o
 .debug_loc     0x000000000000199a      0x77f build/stm32f1xx_hal_cortex.o
 .debug_loc     0x0000000000002119       0xff build/system_stm32f1xx.o
 .debug_loc     0x0000000000002218       0xba /usr/lib/gcc/arm-none-eabi/10.3.1/../../../arm-none-eabi/lib/thumb/v7-m/nofp/libc_nano.a(lib_a-init.o)
 .debug_loc     0x00000000000022d2      0x22c /usr/lib/gcc/arm-none-eabi/10.3.1/../../../arm-none-eabi/lib/thumb/v7-m/nofp/libc_nano.a(lib_a-memset.o)

.debug_aranges  0x0000000000000000      0x468
 .debug_aranges
                0x0000000000000000       0x30 build/main.o
 .debug_aranges
                0x0000000000000030       0x98 build/OLED.o
 .debug_aranges
                0x00000000000000c8       0x38 build/CountSensor.o
 .debug_aranges
                0x0000000000000100       0x60 build/stm32f1xx_it.o
 .debug_aranges
                0x0000000000000160       0x20 build/stm32f1xx_hal_msp.o
 .debug_aranges
                0x0000000000000180       0xe0 build/stm32f1xx_hal.o
 .debug_aranges
                0x0000000000000260       0x90 build/stm32f1xx_hal_rcc.o
 .debug_aranges
                0x00000000000002f0       0x58 build/stm32f1xx_hal_gpio.o
 .debug_aranges
                0x0000000000000348       0x90 build/stm32f1xx_hal_cortex.o
 .debug_aranges
                0x00000000000003d8       0x28 build/system_stm32f1xx.o
 .debug_aranges
                0x0000000000000400       0x28 build/startup_stm32f103xb.o
 .debug_aranges
                0x0000000000000428       0x20 /usr/lib/gcc/arm-none-eabi/10.3.1/../../../arm-none-eabi/lib/thumb/v7-m/nofp/libc_nano.a(lib_a-init.o)
 .debug_aranges
                0x0000000000000448       0x20 /usr/lib/gcc/arm-none-eabi/10.3.1/../../../arm-none-eabi/lib/thumb/v7-m/nofp/libc_nano.a(lib_a-memset.o)

.debug_ranges   0x0000000000000000      0x400
 .debug_ranges  0x0000000000000000       0x20 build/main.o
 .debug_ranges  0x0000000000000020       0x88 build/OLED.o
 .debug_ranges  0x00000000000000a8       0x28 build/CountSensor.o
 .debug_ranges  0x00000000000000d0       0x50 build/stm32f1xx_it.o
 .debug_ranges  0x0000000000000120       0x10 build/stm32f1xx_hal_msp.o
 .debug_ranges  0x0000000000000130       0xd0 build/stm32f1xx_hal.o
 .debug_ranges  0x0000000000000200       0xa0 build/stm32f1xx_hal_rcc.o
 .debug_ranges  0x00000000000002a0       0x48 build/stm32f1xx_hal_gpio.o
 .debug_ranges  0x00000000000002e8       0xe0 build/stm32f1xx_hal_cortex.o
 .debug_ranges  0x00000000000003c8       0x18 build/system_stm32f1xx.o
 .debug_ranges  0x00000000000003e0       0x20 build/startup_stm32f103xb.o

.debug_line     0x0000000000000000     0x2c87
 .debug_line    0x0000000000000000      0x235 build/main.o
 .debug_line    0x0000000000000235      0x674 build/OLED.o
 .debug_line    0x00000000000008a9      0x1a9 build/CountSensor.o
 .debug_line    0x0000000000000a52      0x179 build/stm32f1xx_it.o
 .debug_line    0x0000000000000bcb       0xd7 build/stm32f1xx_hal_msp.o
 .debug_line    0x0000000000000ca2      0x489 build/stm32f1xx_hal.o
 .debug_line    0x000000000000112b      0xb79 build/stm32f1xx_hal_rcc.o
 .debug_line    0x0000000000001ca4      0x53c build/stm32f1xx_hal_gpio.o
 .debug_line    0x00000000000021e0      0x594 build/stm32f1xx_hal_cortex.o
 .debug_line    0x0000000000002774      0x1a1 build/system_stm32f1xx.o
 .debug_line    0x0000000000002915       0x74 build/startup_stm32f103xb.o
 .debug_line    0x0000000000002989      0x13f /usr/lib/gcc/arm-none-eabi/10.3.1/../../../arm-none-eabi/lib/thumb/v7-m/nofp/libc_nano.a(lib_a-init.o)
 .debug_line    0x0000000000002ac8      0x1bf /usr/lib/gcc/arm-none-eabi/10.3.1/../../../arm-none-eabi/lib/thumb/v7-m/nofp/libc_nano.a(lib_a-memset.o)

.debug_str      0x0000000000000000     0x15c0
 .debug_str     0x0000000000000000      0x31f build/main.o
                                        0x35a (size before relaxing)
 .debug_str     0x000000000000031f      0x1f0 build/OLED.o
                                        0x39f (size before relaxing)
 .debug_str     0x000000000000050f      0x38f build/CountSensor.o
                                        0x5d0 (size before relaxing)
 .debug_str     0x000000000000089e       0xb4 build/stm32f1xx_it.o
                                        0x1fc (size before relaxing)
 .debug_str     0x0000000000000952       0x57 build/stm32f1xx_hal_msp.o
                                        0x1ee (size before relaxing)
 .debug_str     0x00000000000009a9      0x31b build/stm32f1xx_hal.o
                                        0x7f3 (size before relaxing)
 .debug_str     0x0000000000000cc4      0x20d build/stm32f1xx_hal_rcc.o
                                        0x5e5 (size before relaxing)
 .debug_str     0x0000000000000ed1       0xc5 build/stm32f1xx_hal_gpio.o
                                        0x3c4 (size before relaxing)
 .debug_str     0x0000000000000f96      0x3a5 build/stm32f1xx_hal_cortex.o
                                        0x88e (size before relaxing)
 .debug_str     0x000000000000133b       0x4f build/system_stm32f1xx.o
                                        0x219 (size before relaxing)
 .debug_str     0x000000000000138a       0x22 build/startup_stm32f103xb.o
                                         0x4b (size before relaxing)
 .debug_str     0x00000000000013ac      0x16e /usr/lib/gcc/arm-none-eabi/10.3.1/../../../arm-none-eabi/lib/thumb/v7-m/nofp/libc_nano.a(lib_a-init.o)
                                        0x203 (size before relaxing)
 .debug_str     0x000000000000151a       0xa6 /usr/lib/gcc/arm-none-eabi/10.3.1/../../../arm-none-eabi/lib/thumb/v7-m/nofp/libc_nano.a(lib_a-memset.o)
                                        0x1b8 (size before relaxing)

.debug_frame    0x0000000000000000      0x940
 .debug_frame   0x0000000000000000       0x58 build/main.o
 .debug_frame   0x0000000000000058      0x1d8 build/OLED.o
 .debug_frame   0x0000000000000230       0x6c build/CountSensor.o
 .debug_frame   0x000000000000029c       0xa8 build/stm32f1xx_it.o
 .debug_frame   0x0000000000000344       0x28 build/stm32f1xx_hal_msp.o
 .debug_frame   0x000000000000036c      0x1cc build/stm32f1xx_hal.o
 .debug_frame   0x0000000000000538      0x184 build/stm32f1xx_hal_rcc.o
 .debug_frame   0x00000000000006bc       0xe4 build/stm32f1xx_hal_gpio.o
 .debug_frame   0x00000000000007a0      0x118 build/stm32f1xx_hal_cortex.o
 .debug_frame   0x00000000000008b8       0x30 build/system_stm32f1xx.o
 .debug_frame   0x00000000000008e8       0x2c /usr/lib/gcc/arm-none-eabi/10.3.1/../../../arm-none-eabi/lib/thumb/v7-m/nofp/libc_nano.a(lib_a-init.o)
 .debug_frame   0x0000000000000914       0x2c /usr/lib/gcc/arm-none-eabi/10.3.1/../../../arm-none-eabi/lib/thumb/v7-m/nofp/libc_nano.a(lib_a-memset.o)

Cross Reference Table

Symbol                                            File
ADC1_2_IRQHandler                                 build/startup_stm32f103xb.o
AHBPrescTable                                     build/system_stm32f1xx.o
                                                  build/stm32f1xx_hal_rcc.o
APBPrescTable                                     build/system_stm32f1xx.o
                                                  build/stm32f1xx_hal_rcc.o
BUZZER_Init                                       build/buzzer.o
BUZZER_OFF                                        build/buzzer.o
BUZZER_ON                                         build/buzzer.o
BusFault_Handler                                  build/stm32f1xx_it.o
CAN1_RX1_IRQHandler                               build/startup_stm32f103xb.o
CAN1_SCE_IRQHandler                               build/startup_stm32f103xb.o
CountSensor_Count                                 build/CountSensor.o
CountSensor_Get                                   build/CountSensor.o
                                                  build/main.o
CountSensor_Init                                  build/CountSensor.o
                                                  build/main.o
DMA1_Channel1_IRQHandler                          build/startup_stm32f103xb.o
DMA1_Channel2_IRQHandler                          build/startup_stm32f103xb.o
DMA1_Channel3_IRQHandler                          build/startup_stm32f103xb.o
DMA1_Channel4_IRQHandler                          build/startup_stm32f103xb.o
DMA1_Channel5_IRQHandler                          build/startup_stm32f103xb.o
DMA1_Channel6_IRQHandler                          build/startup_stm32f103xb.o
DMA1_Channel7_IRQHandler                          build/startup_stm32f103xb.o
DebugMon_Handler                                  build/stm32f1xx_it.o
Default_Handler                                   build/startup_stm32f103xb.o
EXTI0_IRQHandler                                  build/startup_stm32f103xb.o
EXTI15_10_IRQHandler                              build/CountSensor.o
EXTI1_IRQHandler                                  build/startup_stm32f103xb.o
EXTI2_IRQHandler                                  build/startup_stm32f103xb.o
EXTI3_IRQHandler                                  build/startup_stm32f103xb.o
EXTI4_IRQHandler                                  build/startup_stm32f103xb.o
EXTI9_5_IRQHandler                                build/startup_stm32f103xb.o
Error_Handler                                     build/main.o
FLASH_IRQHandler                                  build/startup_stm32f103xb.o
FLASH_PageErase                                   build/stm32f1xx_hal_flash_ex.o
                                                  build/stm32f1xx_hal_flash.o
FLASH_WaitForLastOperation                        build/stm32f1xx_hal_flash.o
                                                  build/stm32f1xx_hal_flash_ex.o
HAL_DBGMCU_DisableDBGSleepMode                    build/stm32f1xx_hal.o
HAL_DBGMCU_DisableDBGStandbyMode                  build/stm32f1xx_hal.o
HAL_DBGMCU_DisableDBGStopMode                     build/stm32f1xx_hal.o
HAL_DBGMCU_EnableDBGSleepMode                     build/stm32f1xx_hal.o
HAL_DBGMCU_EnableDBGStandbyMode                   build/stm32f1xx_hal.o
HAL_DBGMCU_EnableDBGStopMode                      build/stm32f1xx_hal.o
HAL_DMA_Abort                                     build/stm32f1xx_hal_dma.o
HAL_DMA_Abort_IT                                  build/stm32f1xx_hal_dma.o
HAL_DMA_DeInit                                    build/stm32f1xx_hal_dma.o
HAL_DMA_GetError                                  build/stm32f1xx_hal_dma.o
HAL_DMA_GetState                                  build/stm32f1xx_hal_dma.o
HAL_DMA_IRQHandler                                build/stm32f1xx_hal_dma.o
HAL_DMA_Init                                      build/stm32f1xx_hal_dma.o
HAL_DMA_PollForTransfer                           build/stm32f1xx_hal_dma.o
HAL_DMA_RegisterCallback                          build/stm32f1xx_hal_dma.o
HAL_DMA_Start                                     build/stm32f1xx_hal_dma.o
HAL_DMA_Start_IT                                  build/stm32f1xx_hal_dma.o
HAL_DMA_UnRegisterCallback                        build/stm32f1xx_hal_dma.o
HAL_DeInit                                        build/stm32f1xx_hal.o
HAL_Delay                                         build/stm32f1xx_hal.o
HAL_EXTI_ClearConfigLine                          build/stm32f1xx_hal_exti.o
HAL_EXTI_ClearPending                             build/stm32f1xx_hal_exti.o
HAL_EXTI_GenerateSWI                              build/stm32f1xx_hal_exti.o
HAL_EXTI_GetConfigLine                            build/stm32f1xx_hal_exti.o
HAL_EXTI_GetHandle                                build/stm32f1xx_hal_exti.o
HAL_EXTI_GetPending                               build/stm32f1xx_hal_exti.o
HAL_EXTI_IRQHandler                               build/stm32f1xx_hal_exti.o
HAL_EXTI_RegisterCallback                         build/stm32f1xx_hal_exti.o
HAL_EXTI_SetConfigLine                            build/stm32f1xx_hal_exti.o
HAL_FLASHEx_Erase                                 build/stm32f1xx_hal_flash_ex.o
HAL_FLASHEx_Erase_IT                              build/stm32f1xx_hal_flash_ex.o
HAL_FLASHEx_OBErase                               build/stm32f1xx_hal_flash_ex.o
HAL_FLASHEx_OBGetConfig                           build/stm32f1xx_hal_flash_ex.o
HAL_FLASHEx_OBGetUserData                         build/stm32f1xx_hal_flash_ex.o
HAL_FLASHEx_OBProgram                             build/stm32f1xx_hal_flash_ex.o
HAL_FLASH_EndOfOperationCallback                  build/stm32f1xx_hal_flash.o
HAL_FLASH_GetError                                build/stm32f1xx_hal_flash.o
HAL_FLASH_IRQHandler                              build/stm32f1xx_hal_flash.o
HAL_FLASH_Lock                                    build/stm32f1xx_hal_flash.o
HAL_FLASH_OB_Launch                               build/stm32f1xx_hal_flash.o
HAL_FLASH_OB_Lock                                 build/stm32f1xx_hal_flash.o
HAL_FLASH_OB_Unlock                               build/stm32f1xx_hal_flash.o
HAL_FLASH_OperationErrorCallback                  build/stm32f1xx_hal_flash.o
HAL_FLASH_Program                                 build/stm32f1xx_hal_flash.o
HAL_FLASH_Program_IT                              build/stm32f1xx_hal_flash.o
HAL_FLASH_Unlock                                  build/stm32f1xx_hal_flash.o
HAL_GPIOEx_ConfigEventout                         build/stm32f1xx_hal_gpio_ex.o
HAL_GPIOEx_DisableEventout                        build/stm32f1xx_hal_gpio_ex.o
HAL_GPIOEx_EnableEventout                         build/stm32f1xx_hal_gpio_ex.o
HAL_GPIO_DeInit                                   build/stm32f1xx_hal_gpio.o
HAL_GPIO_EXTI_Callback                            build/CountSensor.o
HAL_GPIO_EXTI_IRQHandler                          build/stm32f1xx_hal_gpio.o
                                                  build/CountSensor.o
HAL_GPIO_Init                                     build/stm32f1xx_hal_gpio.o
                                                  build/stm32f1xx_hal_rcc.o
                                                  build/CountSensor.o
                                                  build/OLED.o
                                                  build/LightSensor.o
                                                  build/buzzer.o
                                                  build/key.o
                                                  build/gpio.o
HAL_GPIO_LockPin                                  build/stm32f1xx_hal_gpio.o
HAL_GPIO_ReadPin                                  build/stm32f1xx_hal_gpio.o
                                                  build/CountSensor.o
                                                  build/LightSensor.o
HAL_GPIO_TogglePin                                build/stm32f1xx_hal_gpio.o
                                                  build/gpio.o
HAL_GPIO_WritePin                                 build/stm32f1xx_hal_gpio.o
                                                  build/OLED.o
                                                  build/buzzer.o
                                                  build/key.o
                                                  build/gpio.o
HAL_GetDEVID                                      build/stm32f1xx_hal.o
HAL_GetHalVersion                                 build/stm32f1xx_hal.o
HAL_GetREVID                                      build/stm32f1xx_hal.o
HAL_GetTick                                       build/stm32f1xx_hal.o
                                                  build/stm32f1xx_hal_flash.o
                                                  build/stm32f1xx_hal_dma.o
                                                  build/stm32f1xx_hal_rcc_ex.o
                                                  build/stm32f1xx_hal_rcc.o
HAL_GetTickFreq                                   build/stm32f1xx_hal.o
HAL_GetTickPrio                                   build/stm32f1xx_hal.o
HAL_GetUIDw0                                      build/stm32f1xx_hal.o
HAL_GetUIDw1                                      build/stm32f1xx_hal.o
HAL_GetUIDw2                                      build/stm32f1xx_hal.o
HAL_IncTick                                       build/stm32f1xx_hal.o
                                                  build/stm32f1xx_it.o
HAL_Init                                          build/stm32f1xx_hal.o
                                                  build/main.o
HAL_InitTick                                      build/stm32f1xx_hal.o
                                                  build/stm32f1xx_hal_rcc.o
HAL_MspDeInit                                     build/stm32f1xx_hal.o
HAL_MspInit                                       build/stm32f1xx_hal_msp.o
HAL_NVIC_ClearPendingIRQ                          build/stm32f1xx_hal_cortex.o
HAL_NVIC_DisableIRQ                               build/stm32f1xx_hal_cortex.o
HAL_NVIC_EnableIRQ                                build/stm32f1xx_hal_cortex.o
                                                  build/CountSensor.o
HAL_NVIC_GetActive                                build/stm32f1xx_hal_cortex.o
HAL_NVIC_GetPendingIRQ                            build/stm32f1xx_hal_cortex.o
HAL_NVIC_GetPriority                              build/stm32f1xx_hal_cortex.o
HAL_NVIC_GetPriorityGrouping                      build/stm32f1xx_hal_cortex.o
HAL_NVIC_SetPendingIRQ                            build/stm32f1xx_hal_cortex.o
HAL_NVIC_SetPriority                              build/stm32f1xx_hal_cortex.o
                                                  build/stm32f1xx_hal.o
                                                  build/CountSensor.o
HAL_NVIC_SetPriorityGrouping                      build/stm32f1xx_hal_cortex.o
                                                  build/stm32f1xx_hal.o
HAL_NVIC_SystemReset                              build/stm32f1xx_hal_cortex.o
                                                  build/stm32f1xx_hal_flash.o
HAL_PWR_ConfigPVD                                 build/stm32f1xx_hal_pwr.o
HAL_PWR_DeInit                                    build/stm32f1xx_hal_pwr.o
HAL_PWR_DisableBkUpAccess                         build/stm32f1xx_hal_pwr.o
HAL_PWR_DisablePVD                                build/stm32f1xx_hal_pwr.o
HAL_PWR_DisableSEVOnPend                          build/stm32f1xx_hal_pwr.o
HAL_PWR_DisableSleepOnExit                        build/stm32f1xx_hal_pwr.o
HAL_PWR_DisableWakeUpPin                          build/stm32f1xx_hal_pwr.o
HAL_PWR_EnableBkUpAccess                          build/stm32f1xx_hal_pwr.o
HAL_PWR_EnablePVD                                 build/stm32f1xx_hal_pwr.o
HAL_PWR_EnableSEVOnPend                           build/stm32f1xx_hal_pwr.o
HAL_PWR_EnableSleepOnExit                         build/stm32f1xx_hal_pwr.o
HAL_PWR_EnableWakeUpPin                           build/stm32f1xx_hal_pwr.o
HAL_PWR_EnterSLEEPMode                            build/stm32f1xx_hal_pwr.o
HAL_PWR_EnterSTANDBYMode                          build/stm32f1xx_hal_pwr.o
HAL_PWR_EnterSTOPMode                             build/stm32f1xx_hal_pwr.o
HAL_PWR_PVDCallback                               build/stm32f1xx_hal_pwr.o
HAL_PWR_PVD_IRQHandler                            build/stm32f1xx_hal_pwr.o
HAL_RCCEx_GetPeriphCLKConfig                      build/stm32f1xx_hal_rcc_ex.o
HAL_RCCEx_GetPeriphCLKFreq                        build/stm32f1xx_hal_rcc_ex.o
HAL_RCCEx_PeriphCLKConfig                         build/stm32f1xx_hal_rcc_ex.o
HAL_RCC_CSSCallback                               build/stm32f1xx_hal_rcc.o
HAL_RCC_ClockConfig                               build/stm32f1xx_hal_rcc.o
                                                  build/main.o
HAL_RCC_DeInit                                    build/stm32f1xx_hal_rcc.o
HAL_RCC_DisableCSS                                build/stm32f1xx_hal_rcc.o
HAL_RCC_EnableCSS                                 build/stm32f1xx_hal_rcc.o
HAL_RCC_GetClockConfig                            build/stm32f1xx_hal_rcc.o
HAL_RCC_GetHCLKFreq                               build/stm32f1xx_hal_rcc.o
HAL_RCC_GetOscConfig                              build/stm32f1xx_hal_rcc.o
HAL_RCC_GetPCLK1Freq                              build/stm32f1xx_hal_rcc.o
HAL_RCC_GetPCLK2Freq                              build/stm32f1xx_hal_rcc.o
                                                  build/stm32f1xx_hal_rcc_ex.o
HAL_RCC_GetSysClockFreq                           build/stm32f1xx_hal_rcc.o
HAL_RCC_MCOConfig                                 build/stm32f1xx_hal_rcc.o
HAL_RCC_NMI_IRQHandler                            build/stm32f1xx_hal_rcc.o
HAL_RCC_OscConfig                                 build/stm32f1xx_hal_rcc.o
                                                  build/main.o
HAL_ResumeTick                                    build/stm32f1xx_hal.o
HAL_SYSTICK_CLKSourceConfig                       build/stm32f1xx_hal_cortex.o
HAL_SYSTICK_Callback                              build/stm32f1xx_hal_cortex.o
HAL_SYSTICK_Config                                build/stm32f1xx_hal_cortex.o
                                                  build/stm32f1xx_hal.o
HAL_SYSTICK_IRQHandler                            build/stm32f1xx_hal_cortex.o
HAL_SetTickFreq                                   build/stm32f1xx_hal.o
HAL_SuspendTick                                   build/stm32f1xx_hal.o
HardFault_Handler                                 build/stm32f1xx_it.o
I2C1_ER_IRQHandler                                build/startup_stm32f103xb.o
I2C1_EV_IRQHandler                                build/startup_stm32f103xb.o
I2C2_ER_IRQHandler                                build/startup_stm32f103xb.o
I2C2_EV_IRQHandler                                build/startup_stm32f103xb.o
Key_Init                                          build/key.o
LED0_Toggle                                       build/gpio.o
LED1_Toggle                                       build/gpio.o
LightSensor_Init                                  build/LightSensor.o
LightSensor_get                                   build/LightSensor.o
MX_GPIO_Init                                      build/gpio.o
MemManage_Handler                                 build/stm32f1xx_it.o
NMI_Handler                                       build/stm32f1xx_it.o
OLED_Clear                                        build/OLED.o
OLED_F8x16                                        build/OLED.o
OLED_I2C_Init                                     build/OLED.o
OLED_I2C_SendByte                                 build/OLED.o
OLED_I2C_Start                                    build/OLED.o
OLED_I2C_Stop                                     build/OLED.o
OLED_Init                                         build/OLED.o
                                                  build/main.o
OLED_Pow                                          build/OLED.o
OLED_SetCursor                                    build/OLED.o
OLED_ShowBinNum                                   build/OLED.o
OLED_ShowChar                                     build/OLED.o
OLED_ShowHexNum                                   build/OLED.o
OLED_ShowNum                                      build/OLED.o
                                                  build/main.o
OLED_ShowSignedNum                                build/OLED.o
OLED_ShowString                                   build/OLED.o
                                                  build/main.o
OLED_WriteCommand                                 build/OLED.o
OLED_WriteData                                    build/OLED.o
PVD_IRQHandler                                    build/startup_stm32f103xb.o
PendSV_Handler                                    build/stm32f1xx_it.o
RCC_IRQHandler                                    build/startup_stm32f103xb.o
RTC_Alarm_IRQHandler                              build/startup_stm32f103xb.o
RTC_IRQHandler                                    build/startup_stm32f103xb.o
Reset_Handler                                     build/startup_stm32f103xb.o
SPI1_IRQHandler                                   build/startup_stm32f103xb.o
SPI2_IRQHandler                                   build/startup_stm32f103xb.o
SVC_Handler                                       build/stm32f1xx_it.o
SysTick_Handler                                   build/stm32f1xx_it.o
SystemClock_Config                                build/main.o
SystemCoreClock                                   build/system_stm32f1xx.o
                                                  build/stm32f1xx_hal_rcc.o
                                                  build/stm32f1xx_hal.o
SystemCoreClockUpdate                             build/system_stm32f1xx.o
SystemInit                                        build/system_stm32f1xx.o
                                                  build/startup_stm32f103xb.o
TAMPER_IRQHandler                                 build/startup_stm32f103xb.o
TIM1_BRK_IRQHandler                               build/startup_stm32f103xb.o
TIM1_CC_IRQHandler                                build/startup_stm32f103xb.o
TIM1_TRG_COM_IRQHandler                           build/startup_stm32f103xb.o
TIM1_UP_IRQHandler                                build/startup_stm32f103xb.o
TIM2_IRQHandler                                   build/startup_stm32f103xb.o
TIM3_IRQHandler                                   build/startup_stm32f103xb.o
TIM4_IRQHandler                                   build/startup_stm32f103xb.o
USART1_IRQHandler                                 build/startup_stm32f103xb.o
USART2_IRQHandler                                 build/startup_stm32f103xb.o
USART3_IRQHandler                                 build/startup_stm32f103xb.o
USBWakeUp_IRQHandler                              build/startup_stm32f103xb.o
USB_HP_CAN1_TX_IRQHandler                         build/startup_stm32f103xb.o
USB_LP_CAN1_RX0_IRQHandler                        build/startup_stm32f103xb.o
UsageFault_Handler                                build/stm32f1xx_it.o
WWDG_IRQHandler                                   build/startup_stm32f103xb.o
_ITM_deregisterTMCloneTable                       /usr/lib/gcc/arm-none-eabi/10.3.1/thumb/v7-m/nofp/crtbegin.o
_ITM_registerTMCloneTable                         /usr/lib/gcc/arm-none-eabi/10.3.1/thumb/v7-m/nofp/crtbegin.o
_Min_Stack_Size                                   build/sysmem.o
__TMC_END__                                       /usr/lib/gcc/arm-none-eabi/10.3.1/thumb/v7-m/nofp/crtend.o
                                                  /usr/lib/gcc/arm-none-eabi/10.3.1/thumb/v7-m/nofp/crtbegin.o
__atexit_dummy                                    /usr/lib/gcc/arm-none-eabi/10.3.1/../../../arm-none-eabi/lib/thumb/v7-m/nofp/libc_nano.a(lib_a-__atexit.o)
__bss_end__                                       /usr/lib/gcc/arm-none-eabi/10.3.1/../../../arm-none-eabi/lib/thumb/v7-m/nofp/crt0.o
__bss_start__                                     /usr/lib/gcc/arm-none-eabi/10.3.1/../../../arm-none-eabi/lib/thumb/v7-m/nofp/crt0.o
__call_exitprocs                                  /usr/lib/gcc/arm-none-eabi/10.3.1/../../../arm-none-eabi/lib/thumb/v7-m/nofp/libc_nano.a(lib_a-__call_atexit.o)
                                                  /usr/lib/gcc/arm-none-eabi/10.3.1/../../../arm-none-eabi/lib/thumb/v7-m/nofp/libc_nano.a(lib_a-__atexit.o)
                                                  /usr/lib/gcc/arm-none-eabi/10.3.1/../../../arm-none-eabi/lib/thumb/v7-m/nofp/libc_nano.a(lib_a-exit.o)
__deregister_frame_info                           /usr/lib/gcc/arm-none-eabi/10.3.1/thumb/v7-m/nofp/crtbegin.o
__dso_handle                                      /usr/lib/gcc/arm-none-eabi/10.3.1/thumb/v7-m/nofp/crtbegin.o
__env                                             build/syscalls.o
__errno                                           /usr/lib/gcc/arm-none-eabi/10.3.1/../../../arm-none-eabi/lib/thumb/v7-m/nofp/libc_nano.a(lib_a-errno.o)
                                                  build/syscalls.o
                                                  build/sysmem.o
__fini_array_end                                  /usr/lib/gcc/arm-none-eabi/10.3.1/../../../arm-none-eabi/lib/thumb/v7-m/nofp/libc_nano.a(lib_a-fini.o)
__fini_array_start                                /usr/lib/gcc/arm-none-eabi/10.3.1/../../../arm-none-eabi/lib/thumb/v7-m/nofp/libc_nano.a(lib_a-fini.o)
__init_array_end                                  /usr/lib/gcc/arm-none-eabi/10.3.1/../../../arm-none-eabi/lib/thumb/v7-m/nofp/libc_nano.a(lib_a-init.o)
__init_array_start                                /usr/lib/gcc/arm-none-eabi/10.3.1/../../../arm-none-eabi/lib/thumb/v7-m/nofp/libc_nano.a(lib_a-init.o)
__io_getchar                                      build/syscalls.o
__io_putchar                                      build/syscalls.o
__libc_fini_array                                 /usr/lib/gcc/arm-none-eabi/10.3.1/../../../arm-none-eabi/lib/thumb/v7-m/nofp/libc_nano.a(lib_a-fini.o)
                                                  /usr/lib/gcc/arm-none-eabi/10.3.1/../../../arm-none-eabi/lib/thumb/v7-m/nofp/crt0.o
__libc_init_array                                 /usr/lib/gcc/arm-none-eabi/10.3.1/../../../arm-none-eabi/lib/thumb/v7-m/nofp/libc_nano.a(lib_a-init.o)
                                                  build/startup_stm32f103xb.o
                                                  /usr/lib/gcc/arm-none-eabi/10.3.1/../../../arm-none-eabi/lib/thumb/v7-m/nofp/crt0.o
__on_exit_args                                    /usr/lib/gcc/arm-none-eabi/10.3.1/../../../arm-none-eabi/lib/thumb/v7-m/nofp/libc_nano.a(lib_a-__atexit.o)
__preinit_array_end                               /usr/lib/gcc/arm-none-eabi/10.3.1/../../../arm-none-eabi/lib/thumb/v7-m/nofp/libc_nano.a(lib_a-init.o)
__preinit_array_start                             /usr/lib/gcc/arm-none-eabi/10.3.1/../../../arm-none-eabi/lib/thumb/v7-m/nofp/libc_nano.a(lib_a-init.o)
__register_exitproc                               /usr/lib/gcc/arm-none-eabi/10.3.1/../../../arm-none-eabi/lib/thumb/v7-m/nofp/libc_nano.a(lib_a-__atexit.o)
                                                  /usr/lib/gcc/arm-none-eabi/10.3.1/../../../arm-none-eabi/lib/thumb/v7-m/nofp/libc_nano.a(lib_a-atexit.o)
__register_frame_info                             /usr/lib/gcc/arm-none-eabi/10.3.1/thumb/v7-m/nofp/crtbegin.o
__sf_fake_stderr                                  /usr/lib/gcc/arm-none-eabi/10.3.1/../../../arm-none-eabi/lib/thumb/v7-m/nofp/libc_nano.a(lib_a-impure.o)
__sf_fake_stdin                                   /usr/lib/gcc/arm-none-eabi/10.3.1/../../../arm-none-eabi/lib/thumb/v7-m/nofp/libc_nano.a(lib_a-impure.o)
__sf_fake_stdout                                  /usr/lib/gcc/arm-none-eabi/10.3.1/../../../arm-none-eabi/lib/thumb/v7-m/nofp/libc_nano.a(lib_a-impure.o)
__stack                                           /usr/lib/gcc/arm-none-eabi/10.3.1/../../../arm-none-eabi/lib/thumb/v7-m/nofp/crt0.o
_close                                            build/syscalls.o
_ebss                                             build/startup_stm32f103xb.o
_edata                                            build/startup_stm32f103xb.o
_end                                              build/sysmem.o
_estack                                           build/startup_stm32f103xb.o
                                                  build/sysmem.o
_execve                                           build/syscalls.o
_exit                                             build/syscalls.o
                                                  /usr/lib/gcc/arm-none-eabi/10.3.1/../../../arm-none-eabi/lib/thumb/v7-m/nofp/libc_nano.a(lib_a-exit.o)
_fini                                             /usr/lib/gcc/arm-none-eabi/10.3.1/thumb/v7-m/nofp/crti.o
                                                  /usr/lib/gcc/arm-none-eabi/10.3.1/../../../arm-none-eabi/lib/thumb/v7-m/nofp/libc_nano.a(lib_a-fini.o)
_fork                                             build/syscalls.o
_fstat                                            build/syscalls.o
_getpid                                           build/syscalls.o
_global_atexit                                    /usr/lib/gcc/arm-none-eabi/10.3.1/../../../arm-none-eabi/lib/thumb/v7-m/nofp/libc_nano.a(lib_a-__call_atexit.o)
                                                  /usr/lib/gcc/arm-none-eabi/10.3.1/../../../arm-none-eabi/lib/thumb/v7-m/nofp/libc_nano.a(lib_a-__atexit.o)
_global_impure_ptr                                /usr/lib/gcc/arm-none-eabi/10.3.1/../../../arm-none-eabi/lib/thumb/v7-m/nofp/libc_nano.a(lib_a-impure.o)
                                                  /usr/lib/gcc/arm-none-eabi/10.3.1/../../../arm-none-eabi/lib/thumb/v7-m/nofp/libc_nano.a(lib_a-exit.o)
_impure_ptr                                       /usr/lib/gcc/arm-none-eabi/10.3.1/../../../arm-none-eabi/lib/thumb/v7-m/nofp/libc_nano.a(lib_a-impure.o)
                                                  /usr/lib/gcc/arm-none-eabi/10.3.1/../../../arm-none-eabi/lib/thumb/v7-m/nofp/libc_nano.a(lib_a-errno.o)
_init                                             /usr/lib/gcc/arm-none-eabi/10.3.1/thumb/v7-m/nofp/crti.o
                                                  /usr/lib/gcc/arm-none-eabi/10.3.1/../../../arm-none-eabi/lib/thumb/v7-m/nofp/libc_nano.a(lib_a-init.o)
_isatty                                           build/syscalls.o
_kill                                             build/syscalls.o
_link                                             build/syscalls.o
_lseek                                            build/syscalls.o
_mainCRTStartup                                   /usr/lib/gcc/arm-none-eabi/10.3.1/../../../arm-none-eabi/lib/thumb/v7-m/nofp/crt0.o
_open                                             build/syscalls.o
_read                                             build/syscalls.o
_sbrk                                             build/sysmem.o
_sbss                                             build/startup_stm32f103xb.o
_sdata                                            build/startup_stm32f103xb.o
_sidata                                           build/startup_stm32f103xb.o
_stack_init                                       /usr/lib/gcc/arm-none-eabi/10.3.1/../../../arm-none-eabi/lib/thumb/v7-m/nofp/crt0.o
_start                                            /usr/lib/gcc/arm-none-eabi/10.3.1/../../../arm-none-eabi/lib/thumb/v7-m/nofp/crt0.o
_stat                                             build/syscalls.o
_times                                            build/syscalls.o
_unlink                                           build/syscalls.o
_wait                                             build/syscalls.o
_write                                            build/syscalls.o
atexit                                            /usr/lib/gcc/arm-none-eabi/10.3.1/../../../arm-none-eabi/lib/thumb/v7-m/nofp/libc_nano.a(lib_a-atexit.o)
                                                  /usr/lib/gcc/arm-none-eabi/10.3.1/../../../arm-none-eabi/lib/thumb/v7-m/nofp/crt0.o
environ                                           build/syscalls.o
exit                                              /usr/lib/gcc/arm-none-eabi/10.3.1/../../../arm-none-eabi/lib/thumb/v7-m/nofp/libc_nano.a(lib_a-exit.o)
                                                  /usr/lib/gcc/arm-none-eabi/10.3.1/../../../arm-none-eabi/lib/thumb/v7-m/nofp/crt0.o
g_pfnVectors                                      build/startup_stm32f103xb.o
hardware_init_hook                                /usr/lib/gcc/arm-none-eabi/10.3.1/../../../arm-none-eabi/lib/thumb/v7-m/nofp/crt0.o
initialise_monitor_handles                        build/syscalls.o
main                                              build/main.o
                                                  build/startup_stm32f103xb.o
                                                  /usr/lib/gcc/arm-none-eabi/10.3.1/../../../arm-none-eabi/lib/thumb/v7-m/nofp/crt0.o
malloc                                            /usr/lib/gcc/arm-none-eabi/10.3.1/../../../arm-none-eabi/lib/thumb/v7-m/nofp/libc_nano.a(lib_a-__atexit.o)
memset                                            /usr/lib/gcc/arm-none-eabi/10.3.1/../../../arm-none-eabi/lib/thumb/v7-m/nofp/libc_nano.a(lib_a-memset.o)
                                                  build/main.o
                                                  /usr/lib/gcc/arm-none-eabi/10.3.1/../../../arm-none-eabi/lib/thumb/v7-m/nofp/crt0.o
pFlash                                            build/stm32f1xx_hal_flash.o
                                                  build/stm32f1xx_hal_flash_ex.o
software_init_hook                                /usr/lib/gcc/arm-none-eabi/10.3.1/../../../arm-none-eabi/lib/thumb/v7-m/nofp/crt0.o
uwTick                                            build/stm32f1xx_hal.o
uwTickFreq                                        build/stm32f1xx_hal.o
uwTickPrio                                        build/stm32f1xx_hal.o
                                                  build/stm32f1xx_hal_rcc.o
